================================================================================
  تقرير أخطاء وقت التشغيل
  الملف المصدر: .\tests_5codes\interactiveCounter.arweb
  التاريخ: 2026-06-23 22:40:29
================================================================================

✅ لا توجد أخطاء!

================================================================================
